

================================================================
== Vivado HLS Report for 'sen'
================================================================
* Date:           Mon Aug 24 15:16:53 2020

* Version:        2018.3 (Build 2405991 on Thu Dec 06 23:56:15 MST 2018)
* Project:        senoHLS
* Solution:       solution1
* Product family: aartix7
* Target device:  xa7a12tcsg325-1q


================================================================
== Performance Estimates
================================================================
+ Timing (ns): 
    * Summary: 
    +--------+-------+----------+------------+
    |  Clock | Target| Estimated| Uncertainty|
    +--------+-------+----------+------------+
    |ap_clk  |  10.00|     8.026|        1.25|
    +--------+-------+----------+------------+

+ Latency (clock cycles): 
    * Summary: 
    +-----+-----+-----+-----+---------+
    |  Latency  |  Interval | Pipeline|
    | min | max | min | max |   Type  |
    +-----+-----+-----+-----+---------+
    |   22|   26|   22|   26|   none  |
    +-----+-----+-----+-----+---------+

    + Detail: 
        * Instance: 
        +------------------------------+-------------------+-----+-----+-----+-----+---------+
        |                              |                   |  Latency  |  Interval | Pipeline|
        |           Instance           |       Module      | min | max | min | max |   Type  |
        +------------------------------+-------------------+-----+-----+-----+-----+---------+
        |grp_scaled_fixed2ieee_fu_214  |scaled_fixed2ieee  |    7|   11|    7|   11|   none  |
        +------------------------------+-------------------+-----+-----+-----+-----+---------+

        * Loop: 
        N/A



================================================================
== Utilization Estimates
================================================================
* Summary: 
+-----------------+---------+-------+-------+------+
|       Name      | BRAM_18K| DSP48E|   FF  |  LUT |
+-----------------+---------+-------+-------+------+
|DSP              |        -|      2|      -|     -|
|Expression       |        -|      6|     40|  1292|
|FIFO             |        -|      -|      -|     -|
|Instance         |        -|      5|    840|  1211|
|Memory           |        -|      -|    168|   293|
|Multiplexer      |        -|      -|      -|    85|
|Register         |        -|      -|    596|     -|
+-----------------+---------+-------+-------+------+
|Total            |        0|     13|   1644|  2881|
+-----------------+---------+-------+-------+------+
|Available        |       40|     40|  16000|  8000|
+-----------------+---------+-------+-------+------+
|Utilization (%)  |        0|     32|     10|    36|
+-----------------+---------+-------+-------+------+

+ Detail: 
    * Instance: 
    +------------------------------+----------------------+---------+-------+-----+-----+
    |           Instance           |        Module        | BRAM_18K| DSP48E|  FF | LUT |
    +------------------------------+----------------------+---------+-------+-----+-----+
    |grp_scaled_fixed2ieee_fu_214  |scaled_fixed2ieee     |        0|      0|  399|  760|
    |sen_mul_80ns_24nsfYi_U3       |sen_mul_80ns_24nsfYi  |        0|      5|  441|  256|
    |sen_mux_164_1_1_1_U5          |sen_mux_164_1_1_1     |        0|      0|    0|   65|
    |sen_mux_164_1_1_1_U6          |sen_mux_164_1_1_1     |        0|      0|    0|   65|
    |sen_mux_83_1_1_1_U4           |sen_mux_83_1_1_1      |        0|      0|    0|   65|
    +------------------------------+----------------------+---------+-------+-----+-----+
    |Total                         |                      |        0|      5|  840| 1211|
    +------------------------------+----------------------+---------+-------+-----+-----+

    * DSP48: 
    +-------------------------+----------------------+-----------+
    |         Instance        |        Module        | Expression|
    +-------------------------+----------------------+-----------+
    |sen_mul_mul_15ns_g8j_U7  |sen_mul_mul_15ns_g8j  |  i0 * i0  |
    |sen_mul_mul_15ns_hbi_U8  |sen_mul_mul_15ns_hbi  |  i0 * i1  |
    +-------------------------+----------------------+-----------+

    * Memory: 
    +------------------------+----------------------+---------+-----+-----+------+-----+------+-------------+
    |         Memory         |        Module        | BRAM_18K|  FF | LUT | Words| Bits| Banks| W*Bits*Banks|
    +------------------------+----------------------+---------+-----+-----+------+-----+------+-------------+
    |ref_4oPi_table_100_V_U  |sen_ref_4oPi_tablbkb  |        0|  100|   21|    13|  100|     1|         1300|
    |second_order_float_2_U  |sen_second_order_cud  |        0|   30|  120|   256|   30|     1|         7680|
    |second_order_float_3_U  |sen_second_order_dEe  |        0|   23|   92|   256|   23|     1|         5888|
    |second_order_float_s_U  |sen_second_order_eOg  |        0|   15|   60|   256|   15|     1|         3840|
    +------------------------+----------------------+---------+-----+-----+------+-----+------+-------------+
    |Total                   |                      |        0|  168|  293|   781|  168|     4|        18708|
    +------------------------+----------------------+---------+-----+-----+------+-----+------+-------------+

    * FIFO: 
    N/A

    * Expression: 
    +--------------------------------+----------+-------+----+-----+------------+------------+
    |          Variable Name         | Operation| DSP48E| FF | LUT | Bitwidth P0| Bitwidth P1|
    +--------------------------------+----------+-------+----+-----+------------+------------+
    |r_V_12_fu_619_p2                |     *    |      2|   0|   32|          23|          22|
    |r_V_14_fu_689_p2                |     *    |      4|   0|   29|          30|          29|
    |expv_op_i_i_fu_252_p2           |     +    |      0|   0|   15|           7|           8|
    |p_1_i_i_fu_419_p2               |     +    |      0|   0|   15|           8|           8|
    |ret_V_11_fu_662_p2              |     +    |      0|   0|   30|          30|          30|
    |ret_V_fu_671_p2                 |     +    |      0|   0|   30|          30|          30|
    |Ex_V_fu_452_p2                  |     -    |      0|   0|   15|           8|           8|
    |Mx_bits_V_1_fu_359_p2           |     -    |      0|   0|   65|           1|          58|
    |ret_V_2_fu_710_p2               |     -    |      0|   0|   16|           1|           9|
    |tmp_20_i_i_fu_470_p2            |     -    |      0|   0|   16|           1|           9|
    |not_or_cond_i_demorg_fu_860_p2  |    and   |      0|   0|    8|           1|           1|
    |or_cond_i_fu_831_p2             |    and   |      0|   0|    8|           1|           1|
    |val_assign_fu_407_p3            |   cttz   |      0|  40|   36|          32|           0|
    |closepath_fu_246_p2             |   icmp   |      0|   0|   11|           8|           7|
    |tmp_27_i_fu_484_p2              |   icmp   |      0|   0|   11|           8|           1|
    |tmp_28_i_fu_324_p2              |   icmp   |      0|   0|   18|          23|           1|
    |tmp_29_i_fu_489_p2              |   icmp   |      0|   0|   11|           8|           2|
    |tmp_22_i_i_fu_503_p2            |   lshr   |      0|   0|   89|          29|          29|
    |tmp_11_i_fu_840_p2              |    or    |      0|   0|    8|           1|           1|
    |tmp_2_fu_878_p2                 |    or    |      0|   0|    8|           1|           1|
    |Mx_V_read_assign_fu_650_p3      |  select  |      0|   0|   29|           1|           2|
    |addr_V_fu_258_p3                |  select  |      0|   0|    8|           1|           6|
    |p_0237_0_in_i_i_fu_518_p3       |  select  |      0|   0|   32|           1|          32|
    |p_Ex_V_ret_i_fu_677_p3          |  select  |      0|   0|    8|           1|           1|
    |p_Repl2_3_fu_853_p3             |  select  |      0|   0|    2|           1|           1|
    |p_Repl2_9_trunc_s_fu_845_p3     |  select  |      0|   0|    2|           1|           1|
    |p_Result_1_i_cast_fu_891_p3     |  select  |      0|   0|    2|           1|           2|
    |p_Result_i_cast_fu_870_p3       |  select  |      0|   0|    2|           1|           2|
    |p_Val2_25_fu_349_p3             |  select  |      0|   0|    3|           1|           1|
    |p_Val2_7_fu_364_p3              |  select  |      0|   0|   58|           1|          58|
    |ret_V_8_fu_883_p3               |  select  |      0|   0|    8|           1|           8|
    |ret_V_9_fu_899_p3               |  select  |      0|   0|   23|           1|          23|
    |storemerge_i_i_fu_424_p3        |  select  |      0|   0|    8|           1|           8|
    |tmp_26_i_fu_824_p3              |  select  |      0|   0|    2|           1|           1|
    |ush_fu_476_p3                   |  select  |      0|   0|    9|           1|           9|
    |r_V_10_fu_434_p2                |    shl   |      0|   0|  170|          58|          58|
    |r_V_9_fu_288_p2                 |    shl   |      0|   0|  330|         100|         100|
    |tmp_25_i_i_fu_512_p2            |    shl   |      0|   0|  101|          32|          32|
    |not_or_cond_i_fu_864_p2         |    xor   |      0|   0|    8|           1|           2|
    |not_tmp_i_fu_835_p2             |    xor   |      0|   0|    8|           1|           2|
    |sin_basis_fu_570_p2             |    xor   |      0|   0|    8|           1|           2|
    +--------------------------------+----------+-------+----+-----+------------+------------+
    |Total                           |          |      6|  40| 1292|         459|         606|
    +--------------------------------+----------+-------+----+-----+------------+------------+

    * Multiplexer: 
    +-----------+----+-----------+-----+-----------+
    |    Name   | LUT| Input Size| Bits| Total Bits|
    +-----------+----+-----------+-----+-----------+
    |ap_NS_fsm  |  85|         17|    1|         17|
    +-----------+----+-----------+-----+-----------+
    |Total      |  85|         17|    1|         17|
    +-----------+----+-----------+-----+-----------+

    * Register: 
    +-------------------------------------------+----+----+-----+-----------+
    |                    Name                   | FF | LUT| Bits| Const Bits|
    +-------------------------------------------+----+----+-----+-----------+
    |B_V_reg_1062                               |  22|   0|   22|          0|
    |B_squared_V_reg_1087                       |  15|   0|   15|          0|
    |B_trunc_V_reg_1067                         |  15|   0|   15|          0|
    |Ex_V_reg_1026                              |   8|   0|    8|          0|
    |Med_V_reg_970                              |  80|   0|   80|          0|
    |Mx_V_read_assign_reg_1117                  |  29|   0|   29|          0|
    |Mx_V_reg_1019                              |  29|   0|   29|          0|
    |Mx_zeros_V_reg_1013                        |   5|   0|    5|          0|
    |ap_CS_fsm                                  |  16|   0|   16|          0|
    |closepath_reg_954                          |   1|   0|    1|          0|
    |cos_basis_reg_1055                         |   1|   0|    1|          0|
    |grp_scaled_fixed2ieee_fu_214_ap_start_reg  |   1|   0|    1|          0|
    |isNeg_reg_1031                             |   1|   0|    1|          0|
    |p_Val2_24_reg_991                          |  58|   0|   58|          0|
    |p_Val2_25_reg_1002                         |   3|   0|    3|          0|
    |p_Val2_7_reg_1008                          |  58|   0|   58|          0|
    |result_V_reg_1127                          |  29|   0|   29|          0|
    |resultf_reg_1137                           |  32|   0|   32|          0|
    |results_sign_V_1_reg_935                   |   1|   0|    1|          0|
    |ret_V_2_reg_1132                           |   9|   0|    9|          0|
    |ret_V_reg_1122                             |  30|   0|   30|          0|
    |second_order_float_6_reg_1097              |  23|   0|   23|          0|
    |second_order_float_8_reg_1102              |  15|   0|   15|          0|
    |t1_V_reg_1092                              |  29|   0|   29|          0|
    |tmp_12_i_i_reg_997                         |   3|   0|    3|          0|
    |tmp_27_i_reg_1042                          |   1|   0|    1|          0|
    |tmp_28_i_reg_985                           |   1|   0|    1|          0|
    |tmp_29_i_reg_1048                          |   1|   0|    1|          0|
    |tmp_6_reg_965                              |   4|   0|    4|          0|
    |tmp_7_i_i_reg_1107                         |  22|   0|   22|          0|
    |tmp_9_i_i_reg_1112                         |  14|   0|   14|          0|
    |tmp_V_1_reg_948                            |  23|   0|   23|          0|
    |tmp_V_reg_941                              |   8|   0|    8|          0|
    |ush_reg_1036                               |   9|   0|    9|          0|
    +-------------------------------------------+----+----+-----+-----------+
    |Total                                      | 596|   0|  596|          0|
    +-------------------------------------------+----+----+-----+-----------+



================================================================
== Interface
================================================================
* Summary: 
+-----------+-----+-----+------------+--------------+--------------+
| RTL Ports | Dir | Bits|  Protocol  | Source Object|    C Type    |
+-----------+-----+-----+------------+--------------+--------------+
|ap_clk     |  in |    1| ap_ctrl_hs |      sen     | return value |
|ap_rst     |  in |    1| ap_ctrl_hs |      sen     | return value |
|ap_start   |  in |    1| ap_ctrl_hs |      sen     | return value |
|ap_done    | out |    1| ap_ctrl_hs |      sen     | return value |
|ap_idle    | out |    1| ap_ctrl_hs |      sen     | return value |
|ap_ready   | out |    1| ap_ctrl_hs |      sen     | return value |
|ap_return  | out |   32| ap_ctrl_hs |      sen     | return value |
|Entrada    |  in |   32|   ap_none  |    Entrada   |    scalar    |
+-----------+-----+-----+------------+--------------+--------------+

